2021-06-28 12:52:35; DEBUG new_auth_plugin: caching_sha2_password
2021-06-28 12:52:35; DEBUG connection success
2021-06-28 12:52:40; INFO Python End
